// Jest Snapshot v1, https://goo.gl/fbAQLP

exports[`missions component should render with given state from Redux store 1`] = `<missions />`;
